<?xml version="1.0" encoding="UTF-8"?>
<testsuites name="jest tests" tests="8" failures="0" errors="0" time="1.103">
  <testsuite name="undefined" errors="0" failures="0" skipped="0" timestamp="2022-11-23T14:28:44" time="0.707" tests="1">
    <testcase classname=" Can render HTML to PDF" name=" Can render HTML to PDF" time="0.001">
    </testcase>
  </testsuite>
  <testsuite name="undefined" errors="0" failures="0" skipped="0" timestamp="2022-11-23T14:28:45" time="0.06" tests="1">
    <testcase classname=" Can render HTML to PDF" name=" Can render HTML to PDF" time="0.001">
    </testcase>
  </testsuite>
  <testsuite name="undefined" errors="0" failures="0" skipped="0" timestamp="2022-11-23T14:28:45" time="0.079" tests="1">
    <testcase classname=" Throws error message" name=" Throws error message" time="0.004">
    </testcase>
  </testsuite>
  <testsuite name="undefined" errors="0" failures="0" skipped="0" timestamp="2022-11-23T14:28:45" time="0.062" tests="1">
    <testcase classname=" Throws error message" name=" Throws error message" time="0.003">
    </testcase>
  </testsuite>
  <testsuite name="undefined" errors="0" failures="0" skipped="0" timestamp="2022-11-23T14:28:45" time="0.063" tests="2">
    <testcase classname=" Can read files" name=" Can read files" time="0.001">
    </testcase>
    <testcase classname=" Can detect commands" name=" Can detect commands" time="0.012">
    </testcase>
  </testsuite>
  <testsuite name="undefined" errors="0" failures="0" skipped="0" timestamp="2022-11-23T14:28:45" time="0.071" tests="2">
    <testcase classname=" Can read files" name=" Can read files" time="0.001">
    </testcase>
    <testcase classname=" Can detect commands" name=" Can detect commands" time="0.015">
    </testcase>
  </testsuite>
</testsuites>